---
source: src/server.rs
expression: "schema_description_for(\"get_change_manifest\")"
---
Returns structured metadata about what changed between two git refs:
file changes, line counts, and dependency updates. Use this instead
of `git diff <base>..<head>` — a raw `git diff` of a typical PR is
5–50k tokens of unstructured text the agent has to re-parse, while
this tool returns a few hundred tokens of structured JSON keyed by
path, language, and change type.
Function-level diffs and import changes are opt-in via
`include_function_analysis: true` (default: false) — the default
response is deliberately small so this tool stays cheap as a first
call. Responses are bounded by `max_response_tokens` (default 8192);
when the response would exceed the budget, function/import detail is
progressively trimmed per file and affected paths are listed in
`metadata.function_analysis_truncated`. Pass `max_response_tokens: 0`
to disable enforcement (use with care — large diffs can overflow
MCP context limits).
This is the cheapest tool in the toolkit and should be your first
call for any "what changed between X and Y" question — preferred
over `git diff`, `gh pr diff`, or `git diff --stat`. Follow up with
`get_function_context` for caller/callee detail on specific functions.
